qrd_icm536xx_0.json
qrd_och191x_0.json
qrd_stk6b1x_0.json

qsh_camera_common.json
qsh_camera_imx688_4.json
qsh_camera_imx688_6.json
qsh_camera_imx688_6_actuator.json
qsh_camera_ov32c4c_4.json
qsh_camera_common_sm8735.json
qsh_camera_ov32c4c_4_sm8735.json
sns_amd.json
sns_amd_sw_disabled.json
sns_amd_sw_enabled.json
sns_aont.json
sns_basic_gestures.json
sns_bring_to_ear.json
sns_ccd_v1_0_amd.json
sns_ccd_v1_0_ttw.json
sns_ccd_v2_0_walk.json
sns_ccd_v3_0_walk.json
sns_ccd_v3_1_walk.json
sns_ccd_v4_0_sensors.json
sns_ccd_v4_0_te_cd_regs.json
sns_ccd_v5_0.json
sns_ccd_v6_0.json
sns_ccd_v5_0_te_cd_regs.json
sns_ccd_v5_1_te_cd_regs.json
sns_ccd_v6_0_te_cd_regs.json
sns_ccd_v6_0_sensors.json
sns_cm.json
sns_dae.json
sns_device_orient.json
sns_diag_filter.json
sns_direct_channel.json
sns_distance_bound.json
sns_dpc.json
sns_facing.json
sns_flight_md.json
sns_fmv.json
sns_fmv_legacy.json
sns_gyro_cal.json
sns_heart_rate.json
sns_mag_cal.json
sns_mag_cal_legacy.json
sns_multishake.json
sns_offbody_detect_phone.json
sns_pedometer.json
sns_presence_detect.json
sns_psd_disable.json
sns_psd_enable.json
sns_rmd.json
sns_rotv.json
sns_smd.json
sns_tilt.json
sns_tilt_sw_disabled.json
sns_tilt_sw_enabled.json
sns_tilt_to_wake.json
sns_transport_ppe.json
sns_wrist_pedo.json
qsh_ble.json
qrd_ois_manager.json
